// Jest Snapshot v1, https://goo.gl/fbAQLP

exports[`Send Email Function 메일 보내기 1`] = `
Object {
  "accepted": Array [
    "tx3eflk5u@tmpmail.net",
  ],
  "envelope": Object {
    "from": "verify@creatix.io",
    "to": Array [
      "tx3eflk5u@tmpmail.net",
    ],
  },
  "envelopeTime": 768,
  "messageId": "<63952cdd-3bea-588f-20cf-fa6a79decfbb@creatix.io>",
  "messageSize": 2457,
  "messageTime": 815,
  "rejected": Array [],
  "response": "250 2.0.0 OK  1554467734 25sm27022576pfo.96 - gsmtp",
}
`;
